C51 COMPILER V9.60.7.0   MAIN                                                              04/26/2023 10:52:13 PAGE 1   


C51 COMPILER V9.60.7.0, COMPILATION OF MODULE MAIN
OBJECT MODULE PLACED IN .\Objects\main.obj
COMPILER INVOKED BY: d:\Keil_v5\C51\BIN\C51.EXE main.c OPTIMIZE(8,SPEED) BROWSE DEBUG OBJECTEXTEND PRINT(.\Listings\main
                    -.lst) TABS(2) OBJECT(.\Objects\main.obj)

line level    source

   1          #include <reg51.h>
   2          
   3          sbit key=P3^2;
   4          
   5          unsigned char seg[]={0x3F, 0x06, 0x5B,0x4F,0x66,0x6D,0x7D,0x07,0x7F,0x6F,0x77,0x7C,0x39,0x5E,0x79,0x71};
   6                      //定义数码管显示数组
   7          unsigned char rec_con;  //定义接收变量
   8          
   9          void Uart_Init()    //串口初始化，晶振频率为11.0592MHZ，波特率为9600
  10          {
  11   1        PCON &= 0x7F;   //波特率不倍速
  12   1        SCON = 0x50;    //8位数据,可变波特率
  13   1        TMOD &= 0x0F;   //设置定时器模式
  14   1        TMOD |= 0x20;   //设置定时器模式
  15   1        TL1 = 0xFD;     //设置定时初始值
  16   1        TH1 = 0xFD;     //设置定时重载值
  17   1        ET1 = 0;      //禁止定时器中断
  18   1        TR1 = 1;      //定时器1开始计时
  19   1        ES=1;
  20   1        EA=1;
  21   1      }
  22          
  23          void main()
  24          {
  25   1        unsigned char con;  //定义计数变量
  26   1        Uart_Init();    //串口初始化
  27   1        while(1)      //死循环
  28   1        {
  29   2          if(key==0)    //如果按键按下
  30   2          {
  31   3            con++;    //将con+1
  32   3            if(con==16)
  33   3            {
  34   4              con=0;
  35   4            }
  36   3            SBUF=con; //将con发送给另一个单片机
  37   3            while(!TI); //等待发送完成
  38   3            TI=0;   //清除发送完成标志位
  39   3            while(!key);//按键松手检测
  40   3          }
  41   2          if(rec_con<16)  //防止数码管显示数组越界
  42   2          {
  43   3            P2=seg[rec_con];  //显示接收到的数组
  44   3          }
  45   2        
  46   2        }
  47   1        
  48   1      }
  49          
  50          void Uart_out() interrupt 4   //串口中断函数
  51          {
  52   1        if(RI)            //检测是否有接收
  53   1        {
  54   2          rec_con=SBUF;     //将SBUF中的值转移到rec_con
C51 COMPILER V9.60.7.0   MAIN                                                              04/26/2023 10:52:13 PAGE 2   

  55   2          RI=0;         //清除接收标志位
  56   2        }
  57   1      }
  58          


MODULE INFORMATION:   STATIC OVERLAYABLE
   CODE SIZE        =     75    ----
   CONSTANT SIZE    =   ----    ----
   XDATA SIZE       =   ----    ----
   PDATA SIZE       =   ----    ----
   DATA SIZE        =     17    ----
   IDATA SIZE       =   ----    ----
   BIT SIZE         =   ----    ----
END OF MODULE INFORMATION.


C51 COMPILATION COMPLETE.  0 WARNING(S),  0 ERROR(S)
